// Jest Snapshot v1, https://goo.gl/fbAQLP

exports[`Logo should render 1`] = `
<div
  className="logo"
>
   
  <a
    className="full"
    href="/"
    title="Curious Programmer"
  >
    <strong>
      {
    </strong>
     :curious 
    <strong>
      "programmer"
    </strong>
     
    <strong>
      }
    </strong>
  </a>
   
   
  <a
    className="partial"
    href="/"
    title="Curious Programmer"
  >
    <strong>
      { }
    </strong>
  </a>
   
</div>
`;
