// Jest Snapshot v1, https://goo.gl/fbAQLP

exports[`Post should render 1`] = `
<article
  className="post article"
>
  <div
    className="metadata"
  >
    posted on
     
    <time
      dateTime={null}
    >
      Invalid date
    </time>
     
    <span
      data-container="metadata-author"
    >
      by Clarice Bouwer
    </span>
     
    <span
      data-container="metadata-ttr"
    >
      
    </span>
  </div>
  <div
    className="spacer small"
  />
  <div
    className="reading-panel"
  />
</article>
`;
