// Jest Snapshot v1, https://goo.gl/fbAQLP

exports[`Post navigation tiny should always render both posts 1`] = `
<nav
  className="post navigation tiny"
>
  <aside
    className="previous"
  >
    <h1>
       
      <a
        className="nav-link"
        href="/previous"
        title="Don't panic."
      >
        <span
          dangerouslySetInnerHTML={
            Object {
              "__html": "Don't panic.",
            }
          }
        />
      </a>
       
    </h1>
  </aside>
  <aside
    className="next"
  >
    <h1>
       
      <a
        className="nav-link"
        href="/next"
        title="Come to the dark side of the force."
      >
        <span
          dangerouslySetInnerHTML={
            Object {
              "__html": "Come to the dark side...",
            }
          }
        />
      </a>
       
    </h1>
  </aside>
</nav>
`;
