// Jest Snapshot v1, https://goo.gl/fbAQLP

exports[`Post navigation tiny should render 1`] = `
<nav
  className="post navigation tiny"
  data-component="post-navigation-tiny"
>
  <aside
    className="previous"
    data-component="post-navigation-previous"
  />
  <aside
    className="next"
    data-component="post-navigation-next"
  />
</nav>
`;
