// Jest Snapshot v1, https://goo.gl/fbAQLP

exports[`Reading pane should render 1`] = `
<div>
  <div
    className="spacer small"
  />
  <h1>
    Don't panic.
  </h1>
  <div
    className="reading-pane"
  >
    <p>
      One early morning, Arthur's friend, who's actually an alien, informs him of Earth's impending doom and whisks him away in a spaceship. While Arthur deals with his woes, he also has a great adventure.
    </p>
  </div>
</div>
`;
