// Jest Snapshot v1, https://goo.gl/fbAQLP

exports[`Tag should render external 1`] = `
Array [
  " ",
  <a
    className="tag anchor"
    href="https://curiousprogrammer.dev"
    rel="nofollow noopener noreferrer"
    target="_blank"
    title="Curious Programmer"
  >
    curious programmer
  </a>,
  " ",
]
`;

exports[`Tag should render internal 1`] = `
Array [
  " ",
  <a
    className="tag anchor"
    href="/tag/technical"
    onClick={[Function]}
    onMouseEnter={[Function]}
    title="Technical"
  >
    technical
  </a>,
  " ",
]
`;

exports[`Tag should render readonly 1`] = `
<span>
  technical
</span>
`;
