// Jest Snapshot v1, https://goo.gl/fbAQLP

exports[`Tags should render from list 1`] = `
<div
  className="tags"
>
   
  <a
    className="tag"
    href="/tag/hello/"
    onClick={[Function]}
    onMouseEnter={[Function]}
    title="hello"
  >
    hello
  </a>
   
   
  <a
    className="tag"
    href="/tag/world/"
    onClick={[Function]}
    onMouseEnter={[Function]}
    title="world"
  >
    world
  </a>
   
</div>
`;
