// Jest Snapshot v1, https://goo.gl/fbAQLP

exports[`Tags should not render when there are no tags to render 1`] = `null`;

exports[`Tags should render with tags 1`] = `
<div
  className="tags"
>
   
  <a
    href="/tag/hello"
    onClick={[Function]}
    onMouseEnter={[Function]}
    title="hello"
  >
    hello
  </a>
   
   
  <a
    href="/tag/world"
    onClick={[Function]}
    onMouseEnter={[Function]}
    title="world"
  >
    world
  </a>
   
</div>
`;
